// Jest Snapshot v1, https://goo.gl/fbAQLP

exports[`AboutUs Snapshot 1`] = `[Function]`;
