// Jest Snapshot v1, https://goo.gl/fbAQLP

exports[`Graph Snapshot 1`] = `[Function]`;
