// Jest Snapshot v1, https://goo.gl/fbAQLP

exports[`Information Snapshot 1`] = `[Function]`;
