// Jest Snapshot v1, https://goo.gl/fbAQLP

exports[`Rates Snapshot 1`] = `[Function]`;
