// Jest Snapshot v1, https://goo.gl/fbAQLP

exports[`Splash Snapshot 1`] = `[Function]`;
