// Jest Snapshot v1, https://goo.gl/fbAQLP

exports[`Support Snapshot 1`] = `[Function]`;
